======================================================
 量子ハンター 角度レシピ・チェックポイント保管庫 Step: 0.01
======================================================

=== [UPDATE] Epoch 1 | Best Acc: 11.39% | LR: 0.000010 ===
Model saved to: models\qml_model_20260531_114613_step_0.01_best.pt
=== [UPDATE] Epoch 2 | Best Acc: 11.67% | LR: 0.000010 ===
Model saved to: models\qml_model_20260531_114613_step_0.01_best.pt
=== [UPDATE] Epoch 3 | Best Acc: 11.94% | LR: 0.000010 ===
Model saved to: models\qml_model_20260531_114613_step_0.01_best.pt
=== [UPDATE] Epoch 4 | Best Acc: 13.06% | LR: 0.000010 ===
Model saved to: models\qml_model_20260531_114613_step_0.01_best.pt
=== [UPDATE] Epoch 5 | Best Acc: 15.00% | LR: 0.000010 ===
Model saved to: models\qml_model_20260531_114613_step_0.01_best.pt
=== [UPDATE] Epoch 6 | Best Acc: 16.39% | LR: 0.000010 ===
Model saved to: models\qml_model_20260531_114613_step_0.01_best.pt
=== [UPDATE] Epoch 7 | Best Acc: 17.22% | LR: 0.000010 ===
Model saved to: models\qml_model_20260531_114613_step_0.01_best.pt
=== [UPDATE] Epoch 8 | Best Acc: 18.33% | LR: 0.000010 ===
Model saved to: models\qml_model_20260531_114613_step_0.01_best.pt
=== [UPDATE] Epoch 9 | Best Acc: 19.72% | LR: 0.000010 ===
Model saved to: models\qml_model_20260531_114613_step_0.01_best.pt
=== [UPDATE] Epoch 10 | Best Acc: 20.56% | LR: 0.000010 ===
Model saved to: models\qml_model_20260531_114613_step_0.01_best.pt
=== [UPDATE] Epoch 11 | Best Acc: 22.22% | LR: 0.000010 ===
Model saved to: models\qml_model_20260531_114613_step_0.01_best.pt
=== [UPDATE] Epoch 12 | Best Acc: 22.78% | LR: 0.000010 ===
Model saved to: models\qml_model_20260531_114613_step_0.01_best.pt
=== [UPDATE] Epoch 13 | Best Acc: 23.33% | LR: 0.000010 ===
Model saved to: models\qml_model_20260531_114613_step_0.01_best.pt
=== [UPDATE] Epoch 14 | Best Acc: 24.17% | LR: 0.000010 ===
Model saved to: models\qml_model_20260531_114613_step_0.01_best.pt
=== [UPDATE] Epoch 15 | Best Acc: 25.00% | LR: 0.000010 ===
Model saved to: models\qml_model_20260531_114613_step_0.01_best.pt
=== [UPDATE] Epoch 17 | Best Acc: 25.28% | LR: 0.000010 ===
Model saved to: models\qml_model_20260531_114613_step_0.01_best.pt
=== [UPDATE] Epoch 18 | Best Acc: 26.39% | LR: 0.000010 ===
Model saved to: models\qml_model_20260531_114613_step_0.01_best.pt
=== [UPDATE] Epoch 19 | Best Acc: 26.94% | LR: 0.000010 ===
Model saved to: models\qml_model_20260531_114613_step_0.01_best.pt
=== [UPDATE] Epoch 20 | Best Acc: 27.50% | LR: 0.000010 ===
Model saved to: models\qml_model_20260531_114613_step_0.01_best.pt
=== [UPDATE] Epoch 21 | Best Acc: 28.33% | LR: 0.000010 ===
Model saved to: models\qml_model_20260531_114613_step_0.01_best.pt
=== [UPDATE] Epoch 22 | Best Acc: 29.72% | LR: 0.000010 ===
Model saved to: models\qml_model_20260531_114613_step_0.01_best.pt
=== [UPDATE] Epoch 23 | Best Acc: 31.11% | LR: 0.000010 ===
Model saved to: models\qml_model_20260531_114613_step_0.01_best.pt
=== [UPDATE] Epoch 24 | Best Acc: 31.39% | LR: 0.000010 ===
Model saved to: models\qml_model_20260531_114613_step_0.01_best.pt
=== [UPDATE] Epoch 25 | Best Acc: 31.94% | LR: 0.000010 ===
Model saved to: models\qml_model_20260531_114613_step_0.01_best.pt
=== [UPDATE] Epoch 27 | Best Acc: 32.78% | LR: 0.000010 ===
Model saved to: models\qml_model_20260531_114613_step_0.01_best.pt
=== [UPDATE] Epoch 28 | Best Acc: 33.61% | LR: 0.000010 ===
Model saved to: models\qml_model_20260531_114613_step_0.01_best.pt
=== [UPDATE] Epoch 29 | Best Acc: 34.44% | LR: 0.000010 ===
Model saved to: models\qml_model_20260531_114613_step_0.01_best.pt
=== [UPDATE] Epoch 30 | Best Acc: 35.28% | LR: 0.000010 ===
Model saved to: models\qml_model_20260531_114613_step_0.01_best.pt
=== [UPDATE] Epoch 31 | Best Acc: 37.22% | LR: 0.000010 ===
Model saved to: models\qml_model_20260531_114613_step_0.01_best.pt
=== [UPDATE] Epoch 32 | Best Acc: 37.78% | LR: 0.000010 ===
Model saved to: models\qml_model_20260531_114613_step_0.01_best.pt
=== [UPDATE] Epoch 36 | Best Acc: 39.17% | LR: 0.000010 ===
Model saved to: models\qml_model_20260531_114613_step_0.01_best.pt
=== [UPDATE] Epoch 37 | Best Acc: 39.72% | LR: 0.000010 ===
Model saved to: models\qml_model_20260531_114613_step_0.01_best.pt
=== [UPDATE] Epoch 38 | Best Acc: 40.28% | LR: 0.000010 ===
Model saved to: models\qml_model_20260531_114613_step_0.01_best.pt
=== [UPDATE] Epoch 40 | Best Acc: 41.39% | LR: 0.000010 ===
Model saved to: models\qml_model_20260531_114613_step_0.01_best.pt
=== [UPDATE] Epoch 43 | Best Acc: 41.67% | LR: 0.000010 ===
Model saved to: models\qml_model_20260531_114613_step_0.01_best.pt
=== [UPDATE] Epoch 44 | Best Acc: 41.94% | LR: 0.000010 ===
Model saved to: models\qml_model_20260531_114613_step_0.01_best.pt
=== [UPDATE] Epoch 48 | Best Acc: 42.22% | LR: 0.000010 ===
Model saved to: models\qml_model_20260531_114613_step_0.01_best.pt
=== [UPDATE] Epoch 51 | Best Acc: 42.50% | LR: 0.000010 ===
Model saved to: models\qml_model_20260531_114613_step_0.01_best.pt
=== [UPDATE] Epoch 52 | Best Acc: 42.78% | LR: 0.000010 ===
Model saved to: models\qml_model_20260531_114613_step_0.01_best.pt
=== [UPDATE] Epoch 54 | Best Acc: 43.33% | LR: 0.000010 ===
Model saved to: models\qml_model_20260531_114613_step_0.01_best.pt
=== [UPDATE] Epoch 55 | Best Acc: 43.61% | LR: 0.000010 ===
Model saved to: models\qml_model_20260531_114613_step_0.01_best.pt
=== [UPDATE] Epoch 56 | Best Acc: 43.89% | LR: 0.000010 ===
Model saved to: models\qml_model_20260531_114613_step_0.01_best.pt
=== [UPDATE] Epoch 58 | Best Acc: 44.17% | LR: 0.000010 ===
Model saved to: models\qml_model_20260531_114613_step_0.01_best.pt
=== [UPDATE] Epoch 63 | Best Acc: 44.44% | LR: 0.000010 ===
Model saved to: models\qml_model_20260531_114613_step_0.01_best.pt
=== [UPDATE] Epoch 64 | Best Acc: 44.72% | LR: 0.000010 ===
Model saved to: models\qml_model_20260531_114613_step_0.01_best.pt
=== [UPDATE] Epoch 72 | Best Acc: 45.00% | LR: 0.000010 ===
Model saved to: models\qml_model_20260531_114613_step_0.01_best.pt
=== [UPDATE] Epoch 77 | Best Acc: 45.56% | LR: 0.000010 ===
Model saved to: models\qml_model_20260531_114613_step_0.01_best.pt
=== [UPDATE] Epoch 79 | Best Acc: 45.83% | LR: 0.000010 ===
Model saved to: models\qml_model_20260531_114613_step_0.01_best.pt
=== [UPDATE] Epoch 80 | Best Acc: 46.11% | LR: 0.000010 ===
Model saved to: models\qml_model_20260531_114613_step_0.01_best.pt
=== [UPDATE] Epoch 84 | Best Acc: 46.39% | LR: 0.000010 ===
Model saved to: models\qml_model_20260531_114613_step_0.01_best.pt
=== [UPDATE] Epoch 85 | Best Acc: 46.94% | LR: 0.000010 ===
Model saved to: models\qml_model_20260531_114613_step_0.01_best.pt
=== [UPDATE] Epoch 87 | Best Acc: 47.22% | LR: 0.000010 ===
Model saved to: models\qml_model_20260531_114613_step_0.01_best.pt
=== [UPDATE] Epoch 89 | Best Acc: 47.50% | LR: 0.000010 ===
Model saved to: models\qml_model_20260531_114613_step_0.01_best.pt
=== [UPDATE] Epoch 90 | Best Acc: 48.06% | LR: 0.000010 ===
Model saved to: models\qml_model_20260531_114613_step_0.01_best.pt
=== [UPDATE] Epoch 95 | Best Acc: 48.89% | LR: 0.000010 ===
Model saved to: models\qml_model_20260531_114613_step_0.01_best.pt
=== [UPDATE] Epoch 97 | Best Acc: 49.44% | LR: 0.000010 ===
Model saved to: models\qml_model_20260531_114613_step_0.01_best.pt
======================================================
🏆 FINAL BEST QUANTUM RECIPE (Epoch 97 | Acc: 49.44%)
======================================================
[-0.1255,  0.4507,  0.232 ,  0.0987, -0.344 , -0.344 , -0.4419,  0.3662,
  0.1011,  0.2081, -0.4794,  0.4699,  0.3324, -0.2877, -0.3182, -0.3166,
 -0.1958,  0.0248, -0.0681, -0.2088,  0.1119, -0.3605, -0.2079, -0.1336,
 -0.0439,  0.2852, -0.3003,  0.0142,  0.0924, -0.4535,  0.1075, -0.3295,
 -0.4349,  0.4489,  0.4656,  0.3084, -0.1954, -0.4023,  0.1842, -0.0598,
 -0.378 , -0.0048, -0.4656,  0.4093]
