======================================================
 量子ハンター (永続キャッシュ・等差アクセル総力戦仕様) Step: 0.01
 Device: cuda | Seed: 42 | Base LR: 1e-05
======================================================

Epoch    1 | Cost: 2.280612 | Acc: 37.78% (Best: 37.78% @ Ep1) | LR: 0.000010 | Rev: 0/99999
Epoch    2 | Cost: 2.230297 | Acc: 48.33% (Best: 48.33% @ Ep2) | LR: 0.000010 | Rev: 0/99999
Epoch    3 | Cost: 2.189783 | Acc: 49.72% (Best: 49.72% @ Ep3) | LR: 0.000010 | Rev: 0/99999
Epoch    4 | Cost: 2.146643 | Acc: 51.39% (Best: 51.39% @ Ep4) | LR: 0.000010 | Rev: 0/99999
Epoch    5 | Cost: 2.104663 | Acc: 51.39% (Best: 51.39% @ Ep4) | LR: 0.000010 | Rev: 0/99999
Epoch    6 | Cost: 2.065773 | Acc: 54.72% (Best: 54.72% @ Ep6) | LR: 0.000010 | Rev: 0/99999
Epoch    7 | Cost: 2.029368 | Acc: 54.44% (Best: 54.72% @ Ep6) | LR: 0.000010 | Rev: 0/99999
Epoch    8 | Cost: 1.999481 | Acc: 53.61% (Best: 54.72% @ Ep6) | LR: 0.000010 | Rev: 0/99999
Epoch    9 | Cost: 1.968578 | Acc: 53.61% (Best: 54.72% @ Ep6) | LR: 0.000010 | Rev: 0/99999
Epoch   10 | Cost: 1.935090 | Acc: 55.28% (Best: 55.28% @ Ep10) | LR: 0.000010 | Rev: 0/99999
Epoch   11 | Cost: 1.901631 | Acc: 55.00% (Best: 55.28% @ Ep10) | LR: 0.000010 | Rev: 0/99999
Epoch   12 | Cost: 1.872065 | Acc: 55.56% (Best: 55.56% @ Ep12) | LR: 0.000010 | Rev: 0/99999
Epoch   13 | Cost: 1.860012 | Acc: 56.39% (Best: 56.39% @ Ep13) | LR: 0.000010 | Rev: 0/99999
Epoch   14 | Cost: 1.828434 | Acc: 56.94% (Best: 56.94% @ Ep14) | LR: 0.000010 | Rev: 0/99999
Epoch   15 | Cost: 1.801622 | Acc: 58.33% (Best: 58.33% @ Ep15) | LR: 0.000010 | Rev: 0/99999
Epoch   16 | Cost: 1.774952 | Acc: 58.33% (Best: 58.33% @ Ep15) | LR: 0.000010 | Rev: 0/99999
Epoch   17 | Cost: 1.754585 | Acc: 58.61% (Best: 58.61% @ Ep17) | LR: 0.000010 | Rev: 0/99999
Epoch   18 | Cost: 1.728591 | Acc: 57.78% (Best: 58.61% @ Ep17) | LR: 0.000010 | Rev: 0/99999
Epoch   19 | Cost: 1.714852 | Acc: 57.78% (Best: 58.61% @ Ep17) | LR: 0.000010 | Rev: 0/99999
Epoch   20 | Cost: 1.688502 | Acc: 58.33% (Best: 58.61% @ Ep17) | LR: 0.000010 | Rev: 0/99999
Epoch   21 | Cost: 1.677304 | Acc: 58.33% (Best: 58.61% @ Ep17) | LR: 0.000010 | Rev: 0/99999
Epoch   22 | Cost: 1.651469 | Acc: 58.89% (Best: 58.89% @ Ep22) | LR: 0.000010 | Rev: 0/99999
Epoch   23 | Cost: 1.646488 | Acc: 58.61% (Best: 58.89% @ Ep22) | LR: 0.000010 | Rev: 0/99999
Epoch   24 | Cost: 1.617270 | Acc: 59.44% (Best: 59.44% @ Ep24) | LR: 0.000010 | Rev: 0/99999
Epoch   25 | Cost: 1.606900 | Acc: 59.44% (Best: 59.44% @ Ep24) | LR: 0.000010 | Rev: 0/99999
Epoch   26 | Cost: 1.591622 | Acc: 60.28% (Best: 60.28% @ Ep26) | LR: 0.000010 | Rev: 0/99999
Epoch   27 | Cost: 1.573772 | Acc: 60.28% (Best: 60.28% @ Ep26) | LR: 0.000010 | Rev: 0/99999
Epoch   28 | Cost: 1.568752 | Acc: 60.28% (Best: 60.28% @ Ep26) | LR: 0.000010 | Rev: 0/99999
Epoch   29 | Cost: 1.532913 | Acc: 60.56% (Best: 60.56% @ Ep29) | LR: 0.000010 | Rev: 0/99999
Epoch   30 | Cost: 1.538760 | Acc: 61.11% (Best: 61.11% @ Ep30) | LR: 0.000010 | Rev: 1/99999
Epoch   31 | Cost: 1.514114 | Acc: 61.39% (Best: 61.39% @ Ep31) | LR: 0.000010 | Rev: 0/99999
Epoch   32 | Cost: 1.519505 | Acc: 61.11% (Best: 61.39% @ Ep31) | LR: 0.000010 | Rev: 1/99999
Epoch   33 | Cost: 1.482756 | Acc: 61.39% (Best: 61.39% @ Ep31) | LR: 0.000010 | Rev: 0/99999
Epoch   34 | Cost: 1.484315 | Acc: 61.67% (Best: 61.67% @ Ep34) | LR: 0.000010 | Rev: 1/99999
Epoch   35 | Cost: 1.468407 | Acc: 61.11% (Best: 61.67% @ Ep34) | LR: 0.000010 | Rev: 0/99999
Epoch   36 | Cost: 1.469371 | Acc: 61.67% (Best: 61.67% @ Ep34) | LR: 0.000010 | Rev: 1/99999
Epoch   37 | Cost: 1.469386 | Acc: 61.94% (Best: 61.94% @ Ep37) | LR: 0.000010 | Rev: 2/99999
Epoch   38 | Cost: 1.437390 | Acc: 62.22% (Best: 62.22% @ Ep38) | LR: 0.000010 | Rev: 0/99999
Epoch   39 | Cost: 1.420938 | Acc: 61.94% (Best: 62.22% @ Ep38) | LR: 0.000010 | Rev: 0/99999
Epoch   40 | Cost: 1.426658 | Acc: 61.67% (Best: 62.22% @ Ep38) | LR: 0.000010 | Rev: 1/99999
Epoch   41 | Cost: 1.432366 | Acc: 61.67% (Best: 62.22% @ Ep38) | LR: 0.000010 | Rev: 2/99999
Epoch   42 | Cost: 1.413617 | Acc: 61.94% (Best: 62.22% @ Ep38) | LR: 0.000010 | Rev: 0/99999
Epoch   43 | Cost: 1.379365 | Acc: 61.94% (Best: 62.22% @ Ep38) | LR: 0.000010 | Rev: 0/99999
Epoch   44 | Cost: 1.387850 | Acc: 61.94% (Best: 62.22% @ Ep38) | LR: 0.000010 | Rev: 1/99999
Epoch   45 | Cost: 1.365127 | Acc: 61.39% (Best: 62.22% @ Ep38) | LR: 0.000010 | Rev: 0/99999
Epoch   46 | Cost: 1.356662 | Acc: 61.94% (Best: 62.22% @ Ep38) | LR: 0.000010 | Rev: 0/99999
Epoch   47 | Cost: 1.374401 | Acc: 62.78% (Best: 62.78% @ Ep47) | LR: 0.000010 | Rev: 1/99999
Epoch   48 | Cost: 1.355662 | Acc: 62.50% (Best: 62.78% @ Ep47) | LR: 0.000010 | Rev: 0/99999
Epoch   49 | Cost: 1.340932 | Acc: 62.78% (Best: 62.78% @ Ep47) | LR: 0.000010 | Rev: 0/99999
Epoch   50 | Cost: 1.323397 | Acc: 63.61% (Best: 63.61% @ Ep50) | LR: 0.000010 | Rev: 0/99999
Epoch   51 | Cost: 1.335812 | Acc: 63.33% (Best: 63.61% @ Ep50) | LR: 0.000010 | Rev: 1/99999
Epoch   52 | Cost: 1.308113 | Acc: 63.61% (Best: 63.61% @ Ep50) | LR: 0.000010 | Rev: 0/99999
Epoch   53 | Cost: 1.319162 | Acc: 63.61% (Best: 63.61% @ Ep50) | LR: 0.000010 | Rev: 1/99999
Epoch   54 | Cost: 1.296936 | Acc: 63.33% (Best: 63.61% @ Ep50) | LR: 0.000010 | Rev: 0/99999
Epoch   55 | Cost: 1.305300 | Acc: 64.17% (Best: 64.17% @ Ep55) | LR: 0.000010 | Rev: 1/99999
Epoch   56 | Cost: 1.302621 | Acc: 64.44% (Best: 64.44% @ Ep56) | LR: 0.000010 | Rev: 0/99999
Epoch   57 | Cost: 1.280868 | Acc: 63.61% (Best: 64.44% @ Ep56) | LR: 0.000010 | Rev: 0/99999
Epoch   58 | Cost: 1.280704 | Acc: 64.17% (Best: 64.44% @ Ep56) | LR: 0.000010 | Rev: 0/99999
Epoch   59 | Cost: 1.294807 | Acc: 63.33% (Best: 64.44% @ Ep56) | LR: 0.000010 | Rev: 1/99999
Epoch   60 | Cost: 1.282700 | Acc: 63.33% (Best: 64.44% @ Ep56) | LR: 0.000010 | Rev: 0/99999
Epoch   61 | Cost: 1.255442 | Acc: 63.61% (Best: 64.44% @ Ep56) | LR: 0.000010 | Rev: 0/99999
Epoch   62 | Cost: 1.273325 | Acc: 64.17% (Best: 64.44% @ Ep56) | LR: 0.000010 | Rev: 1/99999
Epoch   63 | Cost: 1.250753 | Acc: 64.44% (Best: 64.44% @ Ep56) | LR: 0.000010 | Rev: 0/99999
Epoch   64 | Cost: 1.244244 | Acc: 63.61% (Best: 64.44% @ Ep56) | LR: 0.000010 | Rev: 0/99999
Epoch   65 | Cost: 1.233696 | Acc: 64.17% (Best: 64.44% @ Ep56) | LR: 0.000010 | Rev: 0/99999
Epoch   66 | Cost: 1.244019 | Acc: 63.89% (Best: 64.44% @ Ep56) | LR: 0.000010 | Rev: 1/99999
Epoch   67 | Cost: 1.229149 | Acc: 63.61% (Best: 64.44% @ Ep56) | LR: 0.000010 | Rev: 0/99999
Epoch   68 | Cost: 1.241054 | Acc: 63.33% (Best: 64.44% @ Ep56) | LR: 0.000010 | Rev: 1/99999
Epoch   69 | Cost: 1.228200 | Acc: 63.33% (Best: 64.44% @ Ep56) | LR: 0.000010 | Rev: 0/99999
Epoch   70 | Cost: 1.223499 | Acc: 63.61% (Best: 64.44% @ Ep56) | LR: 0.000010 | Rev: 0/99999
Epoch   71 | Cost: 1.224364 | Acc: 63.33% (Best: 64.44% @ Ep56) | LR: 0.000010 | Rev: 1/99999
Epoch   72 | Cost: 1.215600 | Acc: 64.17% (Best: 64.44% @ Ep56) | LR: 0.000010 | Rev: 0/99999
Epoch   73 | Cost: 1.207250 | Acc: 63.89% (Best: 64.44% @ Ep56) | LR: 0.000010 | Rev: 0/99999
Epoch   74 | Cost: 1.190289 | Acc: 63.61% (Best: 64.44% @ Ep56) | LR: 0.000010 | Rev: 0/99999
Epoch   75 | Cost: 1.206770 | Acc: 63.61% (Best: 64.44% @ Ep56) | LR: 0.000010 | Rev: 1/99999
Epoch   76 | Cost: 1.191517 | Acc: 64.17% (Best: 64.44% @ Ep56) | LR: 0.000010 | Rev: 0/99999
Epoch   77 | Cost: 1.182957 | Acc: 63.89% (Best: 64.44% @ Ep56) | LR: 0.000010 | Rev: 0/99999
Epoch   78 | Cost: 1.177808 | Acc: 63.61% (Best: 64.44% @ Ep56) | LR: 0.000010 | Rev: 0/99999
Epoch   79 | Cost: 1.183654 | Acc: 63.61% (Best: 64.44% @ Ep56) | LR: 0.000010 | Rev: 1/99999
Epoch   80 | Cost: 1.175110 | Acc: 63.61% (Best: 64.44% @ Ep56) | LR: 0.000010 | Rev: 0/99999
Epoch   81 | Cost: 1.170343 | Acc: 64.17% (Best: 64.44% @ Ep56) | LR: 0.000010 | Rev: 0/99999
Epoch   82 | Cost: 1.154355 | Acc: 63.33% (Best: 64.44% @ Ep56) | LR: 0.000010 | Rev: 0/99999
Epoch   83 | Cost: 1.176135 | Acc: 63.89% (Best: 64.44% @ Ep56) | LR: 0.000010 | Rev: 1/99999
Epoch   84 | Cost: 1.165208 | Acc: 64.17% (Best: 64.44% @ Ep56) | LR: 0.000010 | Rev: 0/99999
Epoch   85 | Cost: 1.160465 | Acc: 64.17% (Best: 64.44% @ Ep56) | LR: 0.000010 | Rev: 0/99999
Epoch   86 | Cost: 1.156094 | Acc: 64.44% (Best: 64.44% @ Ep56) | LR: 0.000010 | Rev: 0/99999
Epoch   87 | Cost: 1.149846 | Acc: 63.89% (Best: 64.44% @ Ep56) | LR: 0.000010 | Rev: 0/99999
Epoch   88 | Cost: 1.141137 | Acc: 63.89% (Best: 64.44% @ Ep56) | LR: 0.000010 | Rev: 0/99999
Epoch   89 | Cost: 1.146930 | Acc: 63.89% (Best: 64.44% @ Ep56) | LR: 0.000010 | Rev: 1/99999
Epoch   90 | Cost: 1.136559 | Acc: 63.89% (Best: 64.44% @ Ep56) | LR: 0.000010 | Rev: 0/99999
Epoch   91 | Cost: 1.127317 | Acc: 63.89% (Best: 64.44% @ Ep56) | LR: 0.000010 | Rev: 0/99999
Epoch   92 | Cost: 1.125394 | Acc: 64.17% (Best: 64.44% @ Ep56) | LR: 0.000010 | Rev: 0/99999
Epoch   93 | Cost: 1.130840 | Acc: 63.89% (Best: 64.44% @ Ep56) | LR: 0.000010 | Rev: 1/99999
Epoch   94 | Cost: 1.123385 | Acc: 64.72% (Best: 64.72% @ Ep94) | LR: 0.000010 | Rev: 0/99999
Epoch   95 | Cost: 1.130312 | Acc: 65.28% (Best: 65.28% @ Ep95) | LR: 0.000010 | Rev: 1/99999
Epoch   96 | Cost: 1.125838 | Acc: 65.00% (Best: 65.28% @ Ep95) | LR: 0.000010 | Rev: 0/99999
Epoch   97 | Cost: 1.133874 | Acc: 64.44% (Best: 65.28% @ Ep95) | LR: 0.000010 | Rev: 1/99999
Epoch   98 | Cost: 1.114841 | Acc: 65.00% (Best: 65.28% @ Ep95) | LR: 0.000010 | Rev: 0/99999
Epoch   99 | Cost: 1.110884 | Acc: 65.00% (Best: 65.28% @ Ep95) | LR: 0.000010 | Rev: 0/99999
Epoch  100 | Cost: 1.112913 | Acc: 65.83% (Best: 65.83% @ Ep100) | LR: 0.000010 | Rev: 1/99999

======================================================
[FINISH] Best Acc: 65.83% (Epoch 100)
======================================================
