======================================================
 量子ハンター 角度レシピ・チェックポイント保管庫 Step: 0.01
======================================================

=== [UPDATE] Epoch 1 | Best Acc: 37.78% | LR: 0.000010 ===
Model saved to: models\qml_model_20260531_114724_step_0.01_best.pt
=== [UPDATE] Epoch 2 | Best Acc: 48.33% | LR: 0.000010 ===
Model saved to: models\qml_model_20260531_114724_step_0.01_best.pt
=== [UPDATE] Epoch 3 | Best Acc: 49.72% | LR: 0.000010 ===
Model saved to: models\qml_model_20260531_114724_step_0.01_best.pt
=== [UPDATE] Epoch 4 | Best Acc: 51.39% | LR: 0.000010 ===
Model saved to: models\qml_model_20260531_114724_step_0.01_best.pt
=== [UPDATE] Epoch 6 | Best Acc: 54.72% | LR: 0.000010 ===
Model saved to: models\qml_model_20260531_114724_step_0.01_best.pt
=== [UPDATE] Epoch 10 | Best Acc: 55.28% | LR: 0.000010 ===
Model saved to: models\qml_model_20260531_114724_step_0.01_best.pt
=== [UPDATE] Epoch 12 | Best Acc: 55.56% | LR: 0.000010 ===
Model saved to: models\qml_model_20260531_114724_step_0.01_best.pt
=== [UPDATE] Epoch 13 | Best Acc: 56.39% | LR: 0.000010 ===
Model saved to: models\qml_model_20260531_114724_step_0.01_best.pt
=== [UPDATE] Epoch 14 | Best Acc: 56.94% | LR: 0.000010 ===
Model saved to: models\qml_model_20260531_114724_step_0.01_best.pt
=== [UPDATE] Epoch 15 | Best Acc: 58.33% | LR: 0.000010 ===
Model saved to: models\qml_model_20260531_114724_step_0.01_best.pt
=== [UPDATE] Epoch 17 | Best Acc: 58.61% | LR: 0.000010 ===
Model saved to: models\qml_model_20260531_114724_step_0.01_best.pt
=== [UPDATE] Epoch 22 | Best Acc: 58.89% | LR: 0.000010 ===
Model saved to: models\qml_model_20260531_114724_step_0.01_best.pt
=== [UPDATE] Epoch 24 | Best Acc: 59.44% | LR: 0.000010 ===
Model saved to: models\qml_model_20260531_114724_step_0.01_best.pt
=== [UPDATE] Epoch 26 | Best Acc: 60.28% | LR: 0.000010 ===
Model saved to: models\qml_model_20260531_114724_step_0.01_best.pt
=== [UPDATE] Epoch 29 | Best Acc: 60.56% | LR: 0.000010 ===
Model saved to: models\qml_model_20260531_114724_step_0.01_best.pt
=== [UPDATE] Epoch 30 | Best Acc: 61.11% | LR: 0.000010 ===
Model saved to: models\qml_model_20260531_114724_step_0.01_best.pt
=== [UPDATE] Epoch 31 | Best Acc: 61.39% | LR: 0.000010 ===
Model saved to: models\qml_model_20260531_114724_step_0.01_best.pt
=== [UPDATE] Epoch 34 | Best Acc: 61.67% | LR: 0.000010 ===
Model saved to: models\qml_model_20260531_114724_step_0.01_best.pt
=== [UPDATE] Epoch 37 | Best Acc: 61.94% | LR: 0.000010 ===
Model saved to: models\qml_model_20260531_114724_step_0.01_best.pt
=== [UPDATE] Epoch 38 | Best Acc: 62.22% | LR: 0.000010 ===
Model saved to: models\qml_model_20260531_114724_step_0.01_best.pt
=== [UPDATE] Epoch 47 | Best Acc: 62.78% | LR: 0.000010 ===
Model saved to: models\qml_model_20260531_114724_step_0.01_best.pt
=== [UPDATE] Epoch 50 | Best Acc: 63.61% | LR: 0.000010 ===
Model saved to: models\qml_model_20260531_114724_step_0.01_best.pt
=== [UPDATE] Epoch 55 | Best Acc: 64.17% | LR: 0.000010 ===
Model saved to: models\qml_model_20260531_114724_step_0.01_best.pt
=== [UPDATE] Epoch 56 | Best Acc: 64.44% | LR: 0.000010 ===
Model saved to: models\qml_model_20260531_114724_step_0.01_best.pt
=== [UPDATE] Epoch 94 | Best Acc: 64.72% | LR: 0.000010 ===
Model saved to: models\qml_model_20260531_114724_step_0.01_best.pt
=== [UPDATE] Epoch 95 | Best Acc: 65.28% | LR: 0.000010 ===
Model saved to: models\qml_model_20260531_114724_step_0.01_best.pt
=== [UPDATE] Epoch 100 | Best Acc: 65.83% | LR: 0.000010 ===
Model saved to: models\qml_model_20260531_114724_step_0.01_best.pt
======================================================
🏆 FINAL BEST QUANTUM RECIPE (Epoch 100 | Acc: 65.83%)
======================================================
[-0.1255,  0.4507,  0.232 ,  0.0987, -0.344 , -0.344 , -0.4419,  0.3662,
  0.1011,  0.2081, -0.4794,  0.4699,  0.3324, -0.2877, -0.3182, -0.3166,
 -0.1958,  0.0248, -0.0681, -0.2088,  0.1119, -0.3605, -0.2079, -0.1336,
 -0.0439,  0.2852, -0.3003,  0.0142,  0.0924, -0.4535,  0.1075, -0.3295,
 -0.4349,  0.4489,  0.4656,  0.3084, -0.1954, -0.4023,  0.1842, -0.0598,
 -0.378 , -0.0048, -0.4656,  0.4093]
